
 RUN  v4.0.17 D:/raw_output/raw_output-2

 Ô£ô |chromium| src/components/__tests__/HeaderShell.test.ts:11:5 > Header Title Viewport > should keep title in the top-left 25% quadrant (header.title.ext.viewport) 8ms
 Ô£ô |chromium| src/components/__tests__/HeaderShell.test.ts:23:5 > Header Title Alignment > should align title left edge with dashboard panel (header.title.ext.alignment) 2ms
 Ô£ô |chromium| src/components/__tests__/HeaderShell.test.ts:34:5 > Header Navigation Symmetry > should maintain mathematical symmetry of nav buttons (header.nav.ext.symmetry) 1ms
 Ô£ô |chromium| src/components/__tests__/HeaderShell.test.ts:48:5 > Header Action Order > should maintain correct action button order (header.ctrl.ext.order) 1ms
 ├ù |chromium| src/services/__tests__/RankedTimerAccumulation.test.ts:65:5 > Ranked Timer Core > should accumulate scenario time across multiple visits 6ms
   ÔåÆ Cannot read properties of undefined (reading 'continuousValue')
 ├ù |chromium| src/services/__tests__/RankedTimerAccumulation.test.ts:77:5 > Ranked Timer Core > should start scenario timer immediately upon resumption 1ms
   ÔåÆ Cannot read properties of undefined (reading 'continuousValue')
 ├ù |chromium| src/services/__tests__/RankedTimerAccumulation.test.ts:93:5 > Ranked Timer Persistence > should reset scenario timers between distinct runs 1ms
   ÔåÆ Cannot read properties of undefined (reading 'continuousValue')
 Ô£ô |chromium| src/services/__tests__/DirectoryAccessPersistenceService.test.ts:14:5 > DirectoryAccessPersistenceService > should save and retrieve a directory handle 11ms
 Ô£ô |chromium| src/services/__tests__/DirectoryAccessPersistenceService.test.ts:29:5 > DirectoryAccessPersistenceService > should return null if no handle is stored 23ms
 Ô£ô |chromium| src/services/__tests__/DirectoryAccessPersistenceService.test.ts:35:5 > DirectoryAccessPersistenceService > should effectively clear the storage 3ms
 Ô£ô |chromium| src/services/__tests__/DirectoryAccessService.test.ts:21:5 > DirectoryAccessService Selection > should discover the deep stats folder 25ms
 Ô£ô |chromium| src/services/__tests__/DirectoryAccessService.test.ts:27:5 > DirectoryAccessService Selection > should fallback to root if stats folder is not found 6ms
 Ô£ô |chromium| src/services/__tests__/DirectoryAccessService.test.ts:45:5 > DirectoryAccessService Persistence > should auto-reconnect using persistence 2ms
 Ô£ô |chromium| src/services/__tests__/DirectoryAccessService.test.ts:56:5 > DirectoryAccessService Persistence > should clear stored handle 0ms
 Ô£ô |chromium| src/services/__tests__/RankedSessionService.test.ts:31:5 > RankedSessionService: Lifecycle > should generate a sequence of 3 scenarios using Strong-Weak-Mid logic 6ms
 Ô£ô |chromium| src/services/__tests__/RankedSessionService.test.ts:58:5 > RankedSessionService: Activity > should correctly report activity status 2ms
 Ô£ô |chromium| src/services/__tests__/RankedSessionService.test.ts:89:5 > RankedSessionService: Timer Expiry > should transition to SUMMARY state when timer expires 3ms
 Ô£ô |chromium| src/services/__tests__/RankedSessionService.test.ts:115:5 > RankedSessionService: Timer Reset > should reset the timer when a new score is recorded 3ms
 Ô£ô |chromium| src/services/__tests__/RankedSessionService.test.ts:149:5 > RankedSessionService: Diversity > should handle diversity check (penalty for similar categories) 1ms
 Ô£ô |chromium| src/services/__tests__/RankedBehaviorDiagnosis.spec.ts:96:5 > Ranked Session Diagnosis > Diagnose: Rank Updates should NOT happen immediately during ACTIVE session 16ms
 Ô£ô |chromium| src/services/__tests__/RankedBehaviorDiagnosis.spec.ts:136:5 > Ranked Session Diagnosis > Diagnose: Unselected scenarios should NOT trigger rank updates (or side effects) 1ms
 Ô£ô |chromium| src/services/__tests__/RankedBehaviorDiagnosis.spec.ts:176:5 > Ranked Session Diagnosis > Diagnose: New Ranked Session should be independent (Rank Logic) 1ms
 Ô£ô |chromium| src/components/__tests__/RankTimeline.test.ts:17:5 > RankTimelineComponent Logic > should show 7.5 ranks standard window 3ms
 Ô£ô |chromium| src/components/__tests__/RankTimeline.test.ts:34:5 > RankTimelineComponent Logic > should clamp achieved notch at 70% when achieved is far ahead 0ms
 Ô£ô |chromium| src/components/__tests__/RankTimeline.test.ts:61:5 > RankTimelineComponent Logic > should detect offscreen target when clamped 2ms
 Ô£ô |chromium| src/components/__tests__/RankTimeline.test.ts:89:5 > RankTimelineComponent Logic > should NOT clamp if achieved is close to target 0ms
 Ô£ô |chromium| src/components/__tests__/RankTimeline.test.ts:107:5 > RankTimelineComponent Logic > should render attempt notches instead of dots 1ms
 Ô£ô |chromium| src/components/__tests__/RankTimeline.test.ts:125:5 > RankTimelineComponent Logic > should have anchors follow notches when overlapping 1ms
 Ô£ô |chromium| src/components/__tests__/RankTimeline.test.ts:149:5 > RankTimelineComponent Logic > should resolve collisions by shifting labels in the DOM 8ms
 Ô£ô |chromium| src/components/__tests__/RankTimeline.test.ts:172:5 > RankTimelineComponent Logic > should render the progress line between target and expected 1ms
 Ô£ô |chromium| src/components/__tests__/RankTimeline.test.ts:195:5 > RankTimelineComponent Logic > should render notches for all runs, highlighting top 3, skipping achieved redundant 1ms
 Ô£ô |chromium| src/components/__tests__/RankTimeline.test.ts:231:5 > RankTimelineComponent Logic > should use scrollAnchorRU for view bounds if provided 0ms
 Ô£ô |chromium| src/components/__tests__/RankTimeline.test.ts:254:5 > RankTimelineComponent Logic > should spawn from targetRU if targetRU is within bounds on first render 1ms
 Ô£ô |chromium| src/components/__tests__/RankTimeline.test.ts:280:5 > RankTimelineComponent Logic > should spawn from left if targetRU is outside anchor width on first render 0ms
 Ô£ô |chromium| src/components/__tests__/DifficultyPositionSync.test.ts:7:1 > difficultyTabsArePresentInBenchmarkView 19ms
 Ô£ô |chromium| src/components/__tests__/RankUniformity.test.ts:57:5 > RankUniformity: Table Standard > should match standard table colors 17ms
 Ô£ô |chromium| src/components/__tests__/RankUniformity.test.ts:78:5 > RankUniformity: Unranked Bench > should match unranked table color 6ms
 Ô£ô |chromium| src/components/__tests__/RankPrecision.test.ts:47:5 > Typography Consistency > should have consistent font weight for rank names in BenchmarkView 16ms
 Ô£ô |chromium| src/components/__tests__/DashboardSensory.test.ts:17:5 > Dashboard layout symmetry > should maintain perfect symmetry around the scroll trench 15ms
 Ô£ô |chromium| src/components/__tests__/DashboardSensory.test.ts:38:5 > Dashboard audio interactions > should throttle audio service interaction during rapid UI selects 67ms
 Ô£ô |chromium| src/components/__tests__/RankedIdleActiveSymmetry.test.ts:7:1 > Ranked play button should be in the exact same location in Idle and Active states 8ms
 Ô£ô |chromium| src/services/__tests__/SessionService.test.ts:27:5 > SessionService Creation > should create a new session on first run 3ms
 Ô£ô |chromium| src/services/__tests__/SessionService.test.ts:33:5 > SessionService Creation > should track all runs in a session 1ms
 Ô£ô |chromium| src/services/__tests__/SessionService.test.ts:57:5 > SessionService Persistence > should persist and load from localStorage 1ms
 Ô£ô |chromium| src/services/__tests__/SessionService.test.ts:81:5 > SessionService Expiration > should expire session after inactivity 1ms
 Ô£ô |chromium| src/services/__tests__/SessionService.test.ts:87:5 > SessionService Expiration > should start a new session after expiration 1ms
 Ô£ô |chromium| src/services/__tests__/SessionService.test.ts:111:5 > SessionService Ranked Data Preservation > should NOT clear ranked data on resetSession 1ms
 Ô£ô |chromium| src/services/__tests__/SessionService.test.ts:143:5 > SessionService Recovery > should re-acquire if timeout increases 1ms
 Ô£ô |chromium| src/services/__tests__/RankedSessionServiceResumption.test.ts:64:5 > RankedSessionService Resumption (Basic) > should resume a session from today if started with same difficulty 4ms
 Ô£ô |chromium| src/services/__tests__/RankedSessionServiceResumption.test.ts:89:5 > RankedSessionService Resumption (Difficulty) > should start a new session if diff difficulty is requested 1ms
 Ô£ô |chromium| src/services/__tests__/RankedSessionServiceResumption.test.ts:111:5 > RankedSessionService Resumption (Jumping) > should jump to scenario after last played even if some were skipped 1ms
 Ô£ô |chromium| src/services/__tests__/RankedSessionServiceResumption.test.ts:132:5 > RankedSessionService Resumption (Extension) > should extend session if all gauntlet scenarios were played 9ms
 Ô£ô |chromium| src/components/__tests__/RankScaleMapper.test.ts:10:5 > RankScaleMapper RU Scaling > should map 0 score to 0 RU 1ms
 Ô£ô |chromium| src/components/__tests__/RankScaleMapper.test.ts:14:5 > RankScaleMapper RU Scaling > should map T0 score (1000) to 1 RU 0ms
 Ô£ô |chromium| src/components/__tests__/RankScaleMapper.test.ts:18:5 > RankScaleMapper RU Scaling > should map Unranked midpoint (500) to 0.5 RU 0ms
 Ô£ô |chromium| src/components/__tests__/RankScaleMapper.test.ts:22:5 > RankScaleMapper RU Scaling > should map Standard Case T1 (1500) to 2 RU 0ms
 Ô£ô |chromium| src/components/__tests__/RankScaleMapper.test.ts:27:5 > RankScaleMapper RU Scaling > should map Standard Midpoint (1250) to 1.5 RU 0ms
 Ô£ô |chromium| src/components/__tests__/RankScaleMapper.test.ts:31:5 > RankScaleMapper RU Scaling > should map Max Threshold (3000) to 5 RU (Index 4 + 1) 0ms
 Ô£ô |chromium| src/components/__tests__/RankScaleMapper.test.ts:35:5 > RankScaleMapper RU Scaling > should map Above Rank (3500) to 6 RU 0ms
 Ô£ô |chromium| src/components/__tests__/RankScaleMapper.test.ts:41:5 > RankScaleMapper RU Scaling > should map Below Rank Negative Score (-500) to -0.5 RU 0ms
 Ô£ô |chromium| src/services/__tests__/RankedSessionRepetition.test.ts:25:5 > RankedSessionService: Resumption Behavior > should retain the same sequence on same-day resumption 4ms
 Ô£ô |chromium| src/services/__tests__/RankedSessionRepetition.test.ts:50:5 > RankedSessionService: Persistence Behavior > should maintain persistent targets across difficulty switches 1ms
 Ô£ô |chromium| src/services/__tests__/RankedSessionRepetition.test.ts:62:5 > RankedSessionService: Persistence Behavior > should pass initialValue during evolution 3ms
 Ô£ô |chromium| src/components/visualizations/__tests__/DotCloudHtmlRenderer.test.ts:21:5 > DotCloudHtmlRenderer > should render label at the right edge when padding is applied 8ms
 Ô£ô |chromium| src/components/__tests__/BenchmarkTable.test.ts:95:5 > BenchmarkTable Scenario Name Area > all scenarios should be present in the rendered table 5ms
 Ô£ô |chromium| src/components/__tests__/BenchmarkTable.test.ts:99:5 > BenchmarkTable Scenario Name Area > scenario name column should be tight to the maximum ink width 17ms
 Ô£ô |chromium| src/components/__tests__/BenchmarkTable.test.ts:103:5 > BenchmarkTable Scenario Name Area > all scenario name columns should have identical reserved widths 1ms
 Ô£ô |chromium| src/components/__tests__/SettingsUiFactory.test.ts:22:9 > SettingsUiFactory > Slider Visual Context Resolution > should correctly handle click on slider WITHOUT a notch (Session Interval) 5ms
 Ô£ô |chromium| src/components/__tests__/SettingsUiFactory.test.ts:29:9 > SettingsUiFactory > Slider Visual Context Resolution > should correctly handle click on slider WITH a notch (Master Volume) 1ms
stdout | src/components/__tests__/HeaderSymmetry.test.ts:9:5 > Header Symmetry Test > Difficulty tabs and Rank UI should have equal width with inline-grid 1fr 1fr
Diff: 190.859375, Rank: 190.875
 Ô£ô |chromium| src/components/__tests__/HeaderSymmetry.test.ts:9:5 > Header Symmetry Test > Difficulty tabs and Rank UI should have equal width with inline-grid 1fr 1fr 6ms
 Ô£ô |chromium| src/services/__tests__/RankInitialization.test.ts:24:5 > Peak Rank - Median (Odd) > should handle odd number of played scenarios 2ms
 Ô£ô |chromium| src/services/__tests__/RankInitialization.test.ts:46:5 > Peak Rank - Median (Even) > should handle even number of played scenarios 0ms
 Ô£ô |chromium| src/services/__tests__/RankInitialization.test.ts:68:5 > Peak Rank - Formula > should use min(median, 0.5 * best) 0ms
 Ô£ô |chromium| src/services/__tests__/RankInitialization.test.ts:93:5 > Peak Rank - Stability > should never lower an existing peak 0ms
 Ô£ô |chromium| src/components/__tests__/SummaryTimeline.test.ts:14:5 > SummaryTimelineComponent Logic > should render ticks at 0.2 increments 8ms
 Ô£ô |chromium| src/components/__tests__/SummaryTimeline.test.ts:56:5 > SummaryTimelineComponent Logic > should render notches with correct classes 1ms
 Ô£ô |chromium| src/services/__tests__/RankedActivityDecay.test.ts:25:5 > RankEstimator Penalty Lift: Time vs Activity > should NOT lift penalty based on time alone 3ms
 Ô£ô |chromium| src/services/__tests__/RankedActivityDecay.test.ts:36:5 > RankEstimator Penalty Lift: Time vs Activity > should lift penalty by 0.5 when applyPenaltyLift is called 1ms
 Ô£ô |chromium| src/services/__tests__/RankedActivityDecay.test.ts:53:5 > RankEstimator Penalty Lift: Daily Constraints > should NOT lift penalty twice on the same day 1ms
 Ô£ô |chromium| src/services/__tests__/RankedActivityDecay.test.ts:64:5 > RankEstimator Penalty Lift: Daily Constraints > should lift penalty again on a subsequent day 1ms
 Ô£ô |chromium| src/services/__tests__/RankedActivityDecay.test.ts:78:5 > RankEstimator Penalty Lift: Daily Constraints > should clamp penalty at 0 0ms
 Ô£ô |chromium| src/components/__tests__/LayoutSymmetry.test.ts:6:1 > Benchmark table layout should maintain symmetry regardless of native scrollbars 3ms
 Ô£ô |chromium| src/services/__tests__/RankService.test.ts:25:5 > RankService: Rank Level Logic > should return Level 0 for Unranked scores (score < T0) 1ms
 Ô£ô |chromium| src/services/__tests__/RankService.test.ts:34:5 > RankService: Rank Level Logic > should return Level 1 for Bronze (T0 <= score < T1) 0ms
 Ô£ô |chromium| src/services/__tests__/RankService.test.ts:43:5 > RankService: Rank Level Logic > should return Level 2 for Silver (score >= T1) 0ms
 Ô£ô |chromium| src/services/__tests__/RankService.test.ts:49:5 > RankService: Rank Level Logic > should return Level 3 for Gold (Highest Rank) 0ms
 Ô£ô |chromium| src/services/__tests__/RankService.test.ts:63:5 > RankService: Progress Calculation > should calculate correct Unranked progress 0ms
 Ô£ô |chromium| src/services/__tests__/RankService.test.ts:69:5 > RankService: Progress Calculation > should calculate correct Ranked progress 1ms
 Ô£ô |chromium| src/services/__tests__/RankService.test.ts:75:5 > RankService: Progress Calculation > should calculate correct Beyond Max progress 0ms
 Ô£ô |chromium| src/services/__tests__/RankService.test.ts:82:5 > RankService: Progress Calculation > should handle empty thresholds with Level 0 0ms
 Ô£ô |chromium| src/components/__tests__/PrevSessionRepro.test.ts:10:5 > RankTimelineComponent Prev Session Check > should NOT render prev session notch when prevSessionRU is undefined 2ms
 Ô£ô |chromium| src/components/__tests__/PrevSessionRepro.test.ts:30:5 > RankTimelineComponent Prev Session Check > should render prev session notch when prevSessionRU is provided 1ms
 Ô£ô |chromium| src/components/__tests__/RankedPlayCentering.test.ts:8:1 > Ranked play button should be horizontally centered on the screen 2ms
stdout | src/services/__tests__/RankInfluenceCheck.test.ts:7:5 > RankEstimator: RU Influence Capping Check > should check if a scenario's influence on holistic rank is capped at maximum rank
Calculated Continuous Value: 2
 Ô£ô |chromium| src/services/__tests__/RankInfluenceCheck.test.ts:7:5 > RankEstimator: RU Influence Capping Check > should check if a scenario's influence on holistic rank is capped at maximum rank 2ms
 Ô£ô |chromium| src/services/__tests__/RankPenalty.test.ts:14:5 > RankEstimator Daily Penalty > should apply a 0.05 RU penalty per day 1ms
 Ô£ô |chromium| src/services/__tests__/RankPenalty.test.ts:33:5 > RankEstimator Persistence > should apply penalty even if played today, if not taxed recently 0ms
 Ô£ô |chromium| src/services/__tests__/RankPenalty.test.ts:56:5 > RankEstimator Floor Constraint > should respect the floor (peak - 2.0) 0ms
 Ô£ô |chromium| src/services/__tests__/RankPenalty.test.ts:76:5 > RankEstimator Time Boundaries > should handle fractional days correctly 0ms
 Ô£ô |chromium| src/services/__tests__/RankPenalty.test.ts:96:5 > RankEstimator Min Time > should not apply penalty if less than 1 day has passed 0ms
 Ô£ô |chromium| src/services/__tests__/RankEvolutionMax.test.ts:16:5 > RankEstimator: Evolved Value Max Logic > should retain the maximum rank when evolving multiple times in one day 1ms
node.exe : 
At E:\JetBrains\WebStorm2024.3\node\versions\22.14.0\npx.ps1:29 char:3
+   & $NODE_EXE $NPX_CLI_JS $args
+   ~~~~~~~~~~~~~~~~~~~~~~~~~~~~~
    + CategoryInfo          : NotSpecified: (:String) [], RemoteException
    + FullyQualifiedErrorId : NativeCommandError
 
ÔÄ»ÔÄ»ÔÄ»ÔÄ»ÔÄ»ÔÄ»ÔÄ» Failed Tests 3 ÔÄ»ÔÄ»ÔÄ»ÔÄ»ÔÄ»ÔÄ»ÔÄ»

 FAIL  |chromium| src/services/__tests__/RankedTimerAccumulation.test.ts:65:5 > Ranked Timer Core > should accumulate scenario time across multiple visits
TypeError: Cannot read properties of undefined (reading 'continuousValue')
 ÔØ» src/services/RankedSessionService.ts:614:45
    612|         return pool.map((scenario: BenchmarkScenario) => {
    613|             const estimate = this._rankEstimator.getScenarioEstimate(sÔÇª
    614|             const current: number = estimate.continuousValue === -1 ? ÔÇª
       |                                             ^
    615|             const peak: number = estimate.highestAchieved === -1 ? 0 :ÔÇª
    616|             const penalty: number = estimate.penalty || 0;
 ÔØ» RankedSessionService._calculateScenarioMetrics src/services/RankedSessionService.ts:612:20
 ÔØ» RankedSessionService._generateNextBatch src/services/RankedSessionService.ts:583:45
 ÔØ» RankedSessionService._initializeNewSession src/services/RankedSessionService.ts:309:27
 ÔØ» RankedSessionService.startSession src/services/RankedSessionService.ts:278:13
 ÔØ» src/services/__tests__/RankedTimerAccumulation.test.ts:66:16

ÔÄ»ÔÄ»ÔÄ»ÔÄ»ÔÄ»ÔÄ»ÔÄ»ÔÄ»ÔÄ»ÔÄ»ÔÄ»ÔÄ»ÔÄ»ÔÄ»ÔÄ»ÔÄ»ÔÄ»ÔÄ»ÔÄ»ÔÄ»ÔÄ»ÔÄ»ÔÄ»ÔÄ»[1/3]ÔÄ»

 FAIL  |chromium| src/services/__tests__/RankedTimerAccumulation.test.ts:77:5 > Ranked Timer Core > should start scenario timer immediately upon resumption
TypeError: Cannot read properties of undefined (reading 'continuousValue')
 ÔØ» src/services/RankedSessionService.ts:614:45
    612|         return pool.map((scenario: BenchmarkScenario) => {
    613|             const estimate = this._rankEstimator.getScenarioEstimate(sÔÇª
    614|             const current: number = estimate.continuousValue === -1 ? ÔÇª
       |                                             ^
    615|             const peak: number = estimate.highestAchieved === -1 ? 0 :ÔÇª
    616|             const penalty: number = estimate.penalty || 0;
 ÔØ» RankedSessionService._calculateScenarioMetrics src/services/RankedSessionService.ts:612:20
 ÔØ» RankedSessionService._generateNextBatch src/services/RankedSessionService.ts:583:45
 ÔØ» RankedSessionService._initializeNewSession src/services/RankedSessionService.ts:309:27
 ÔØ» RankedSessionService.startSession src/services/RankedSessionService.ts:278:13
 ÔØ» src/services/__tests__/RankedTimerAccumulation.test.ts:78:16

ÔÄ»ÔÄ»ÔÄ»ÔÄ»ÔÄ»ÔÄ»ÔÄ»ÔÄ»ÔÄ»ÔÄ»ÔÄ»ÔÄ»ÔÄ»ÔÄ»ÔÄ»ÔÄ»ÔÄ»ÔÄ»ÔÄ»ÔÄ»ÔÄ»ÔÄ»ÔÄ»ÔÄ»[2/3]ÔÄ»

 FAIL  |chromium| src/services/__tests__/RankedTimerAccumulation.test.ts:93:5 > Ranked Timer Persistence > should reset scenario timers between distinct runs
TypeError: Cannot read properties of undefined (reading 'continuousValue')
 ÔØ» src/services/RankedSessionService.ts:614:45
    612|         return pool.map((scenario: BenchmarkScenario) => {
    613|             const estimate = this._rankEstimator.getScenarioEstimate(sÔÇª
    614|             const current: number = estimate.continuousValue === -1 ? ÔÇª
       |                                             ^
    615|             const peak: number = estimate.highestAchieved === -1 ? 0 :ÔÇª
    616|             const penalty: number = estimate.penalty || 0;
 ÔØ» RankedSessionService._calculateScenarioMetrics src/services/RankedSessionService.ts:612:20
 ÔØ» RankedSessionService._generateNextBatch src/services/RankedSessionService.ts:583:45
 ÔØ» RankedSessionService._initializeNewSession src/services/RankedSessionService.ts:309:27
 ÔØ» RankedSessionService.startSession src/services/RankedSessionService.ts:278:13
 ÔØ» src/services/__tests__/RankedTimerAccumulation.test.ts:100:16

ÔÄ»ÔÄ»ÔÄ»ÔÄ»ÔÄ»ÔÄ»ÔÄ»ÔÄ»ÔÄ»ÔÄ»ÔÄ»ÔÄ»ÔÄ»ÔÄ»ÔÄ»ÔÄ»ÔÄ»ÔÄ»ÔÄ»ÔÄ»ÔÄ»ÔÄ»ÔÄ»ÔÄ»[3/3]ÔÄ»


 Test Files  1 failed | 29 passed (30)
      Tests  3 failed | 97 passed (100)
   Start at  23:07:16
   Duration  10.91s (transform 0ms, setup 6.45s, import 16.12s, tests 1.72s, environment 0ms)

